
Allocating common symbols
Common symbol       size              file

krnl_tcb            0x1248            condvar.o
last_free           0x4               eth_enc28j60.o
krnl_heap           0x7a120           condvar.o
krnl_current_task   0x2               condvar.o
krnl_task           0x4               condvar.o
krnl_event_queue    0x4               condvar.o
first_free          0x4               eth_enc28j60.o
krnl_tasks          0x2               condvar.o
queue_aperiodic     0x4               condvar.o
krnl_pcb            0x1c              condvar.o
krnl_free           0x4               condvar.o
krnl_run_queue      0x4               condvar.o
krnl_rt_queue       0x4               condvar.o
krnl_schedule       0x2               condvar.o
krnl_delay_queue    0x4               condvar.o

Discarded input sections

 .text          0x0000000000000000        0x0 condvar.o
 .data          0x0000000000000000        0x0 condvar.o
 .bss           0x0000000000000000        0x0 condvar.o
 .pdr           0x0000000000000000       0xa0 condvar.o
 .text.hf_condinit
                0x0000000000000000       0x68 condvar.o
 .text.hf_conddestroy
                0x0000000000000000       0x60 condvar.o
 .text.hf_condwait
                0x0000000000000000       0xe0 condvar.o
 .text.hf_condsignal
                0x0000000000000000       0x48 condvar.o
 .text.hf_condbroadcast
                0x0000000000000000       0x70 condvar.o
 .text          0x0000000000000000        0x0 crc.o
 .data          0x0000000000000000        0x0 crc.o
 .bss           0x0000000000000000        0x0 crc.o
 .reginfo       0x0000000000000000       0x18 crc.o
 .pdr           0x0000000000000000       0x60 crc.o
 .mdebug.abi32  0x0000000000000000        0x0 crc.o
 .text.hf_crc16
                0x0000000000000000       0x6c crc.o
 .text.hf_crc32
                0x0000000000000000       0x50 crc.o
 .text.hf_crc64
                0x0000000000000000       0x78 crc.o
 .comment       0x0000000000000000       0x12 crc.o
 .gnu.attributes
                0x0000000000000000       0x10 crc.o
 .data          0x0000000000000000        0x0 crt0.o
 .bss           0x0000000000000000        0x0 crt0.o
 .reginfo       0x0000000000000000       0x18 crt0.o
 .pdr           0x0000000000000000       0xa0 crt0.o
 .text          0x0000000000000000        0x0 eth_enc28j60.o
 .data          0x0000000000000000        0x0 eth_enc28j60.o
 .bss           0x0000000000000000        0x0 eth_enc28j60.o
 .reginfo       0x0000000000000000       0x18 eth_enc28j60.o
 .text          0x0000000000000000        0x0 hal.o
 .data          0x0000000000000000        0x0 hal.o
 .bss           0x0000000000000000        0x0 hal.o
 .reginfo       0x0000000000000000       0x18 hal.o
 .pdr           0x0000000000000000      0x380 hal.o
 .text.kbhit    0x0000000000000000       0x10 hal.o
 .text.getchar  0x0000000000000000       0x20 hal.o
 .text.delay_us
                0x0000000000000000      0x124 hal.o
 .text.led_set  0x0000000000000000        0x8 hal.o
 .text.button_get
                0x0000000000000000        0x8 hal.o
 .text.switch_get
                0x0000000000000000        0x8 hal.o
 .text._cpu_idle
                0x0000000000000000        0x8 hal.o
 .text._get_task_tp
                0x0000000000000000       0x2c hal.o
 .text._readcounter
                0x0000000000000000       0x10 hal.o
 .text          0x0000000000000000        0x0 interrupt.o
 .data          0x0000000000000000        0x0 interrupt.o
 .bss           0x0000000000000000        0x0 interrupt.o
 .reginfo       0x0000000000000000       0x18 interrupt.o
 .pdr           0x0000000000000000       0x80 interrupt.o
 .text._exception_handler
                0x0000000000000000        0xc interrupt.o
 .data.dac_vector
                0x0000000000000000       0x10 interrupt.o
 .data.adc_vector
                0x0000000000000000       0x10 interrupt.o
 .data.i2c_vector
                0x0000000000000000       0x10 interrupt.o
 .data.spi_vector
                0x0000000000000000       0x10 interrupt.o
 .data.uart_vector
                0x0000000000000000       0x40 interrupt.o
 .text          0x0000000000000000        0x0 kprintf.o
 .data          0x0000000000000000        0x0 kprintf.o
 .bss           0x0000000000000000        0x0 kprintf.o
 .reginfo       0x0000000000000000       0x18 kprintf.o
 .pdr           0x0000000000000000       0x60 kprintf.o
 .text          0x0000000000000000        0x0 libc.o
 .data          0x0000000000000000        0x0 libc.o
 .bss           0x0000000000000000        0x0 libc.o
 .reginfo       0x0000000000000000       0x18 libc.o
 .pdr           0x0000000000000000      0xae0 libc.o
 .text.strcpy   0x0000000000000000       0x24 libc.o
 .text.strcat   0x0000000000000000       0x3c libc.o
 .text.strncat  0x0000000000000000       0x60 libc.o
 .text.strcmp   0x0000000000000000       0x34 libc.o
 .text.strncmp  0x0000000000000000       0x40 libc.o
 .text.strstr   0x0000000000000000       0x64 libc.o
 .text.strlen   0x0000000000000000       0x2c libc.o
 .text.strchr   0x0000000000000000       0x30 libc.o
 .text.strpbrk  0x0000000000000000       0x60 libc.o
 .text.strsep   0x0000000000000000       0x80 libc.o
 .text.strtok   0x0000000000000000       0xa8 libc.o
 .text.memcpy   0x0000000000000000       0x2c libc.o
 .text.memmove  0x0000000000000000       0x70 libc.o
 .text.memcmp   0x0000000000000000       0x5c libc.o
 .text.strtol   0x0000000000000000      0x110 libc.o
 .text.atoi     0x0000000000000000       0xc4 libc.o
 .text.atof     0x0000000000000000      0x1d8 libc.o
 .text.itoa     0x0000000000000000      0x124 libc.o
 .text.ftoa     0x0000000000000000      0x168 libc.o
 .text.puts     0x0000000000000000       0x4c libc.o
 .text.gets     0x0000000000000000       0x74 libc.o
 .text.abs      0x0000000000000000       0x10 libc.o
 .text.srand    0x0000000000000000        0xc libc.o
 .text.hexdump  0x0000000000000000      0x154 libc.o
 .text.sprintf  0x0000000000000000       0x34 libc.o
 .text.malloc   0x0000000000000000        0x8 libc.o
 .text.free     0x0000000000000000        0x8 libc.o
 .text.calloc   0x0000000000000000        0x8 libc.o
 .text.realloc  0x0000000000000000        0x8 libc.o
 .text.__mulsi3
                0x0000000000000000       0x28 libc.o
 .text.__muldsi3
                0x0000000000000000       0xc4 libc.o
 .text.__muldi3
                0x0000000000000000       0xa8 libc.o
 .text.__ashldi3
                0x0000000000000000       0x44 libc.o
 .text.__ashrdi3
                0x0000000000000000       0x3c libc.o
 .text.__lshrdi3
                0x0000000000000000       0x40 libc.o
 .text.__umoddi3
                0x0000000000000000       0x28 libc.o
 .text.__moddi3
                0x0000000000000000       0xb0 libc.o
 .text.__divdi3
                0x0000000000000000       0x78 libc.o
 .text.__addsf3
                0x0000000000000000      0x150 libc.o
 .text.__subsf3
                0x0000000000000000       0x30 libc.o
 .text.__cmpsf2
                0x0000000000000000       0x48 libc.o
 .text.__ltsf2  0x0000000000000000       0x20 libc.o
 .text.__lesf2  0x0000000000000000       0x20 libc.o
 .text.__gtsf2  0x0000000000000000       0x20 libc.o
 .text.__gesf2  0x0000000000000000       0x20 libc.o
 .text.__eqsf2  0x0000000000000000        0xc libc.o
 .text.__nesf2  0x0000000000000000        0xc libc.o
 .text.__mulsf3
                0x0000000000000000      0x124 libc.o
 .text.__divsf3
                0x0000000000000000       0xd8 libc.o
 .text.__negsf2
                0x0000000000000000       0x18 libc.o
 .text.__fixsfsi
                0x0000000000000000       0x58 libc.o
 .text.__fixunssfsi
                0x0000000000000000       0x58 libc.o
 .text.__floatsisf
                0x0000000000000000       0x84 libc.o
 .text.__floatunsisf
                0x0000000000000000       0x6c libc.o
 .text.__floatsidf
                0x0000000000000000       0x8c libc.o
 .text.__floatdidf
                0x0000000000000000       0xd0 libc.o
 .text.__negdf2
                0x0000000000000000       0x20 libc.o
 .text.__extendsfdf2
                0x0000000000000000       0x48 libc.o
 .text.__truncdfsf2
                0x0000000000000000       0x88 libc.o
 .text.__cmpdf2
                0x0000000000000000       0x50 libc.o
 .text.__fixdfsi
                0x0000000000000000       0x7c libc.o
 .text.__fixdfdi
                0x0000000000000000       0xb8 libc.o
 .text.__fixunsdfsi
                0x0000000000000000       0x64 libc.o
 .text.__fixunsdfdi
                0x0000000000000000       0x78 libc.o
 .text.__adddf3
                0x0000000000000000      0x248 libc.o
 .text.__subdf3
                0x0000000000000000       0x40 libc.o
 .text.__muldf3
                0x0000000000000000      0x244 libc.o
 .text.__divdf3
                0x0000000000000000      0x1f8 libc.o
 .text.__gtdf2  0x0000000000000000       0x7c libc.o
 .text.__gedf2  0x0000000000000000       0x7c libc.o
 .text.__ltdf2  0x0000000000000000       0x7c libc.o
 .text.__ledf2  0x0000000000000000       0x7c libc.o
 .text.__eqdf2  0x0000000000000000       0x14 libc.o
 .text.__nedf2  0x0000000000000000       0x14 libc.o
 .bss.last.1099
                0x0000000000000000        0x4 libc.o
 .rodata.cst4   0x0000000000000000       0x14 libc.o
 .rodata.cst8   0x0000000000000000        0x8 libc.o
 .text          0x0000000000000000        0x0 list.o
 .data          0x0000000000000000        0x0 list.o
 .bss           0x0000000000000000        0x0 list.o
 .reginfo       0x0000000000000000       0x18 list.o
 .pdr           0x0000000000000000       0xe0 list.o
 .mdebug.abi32  0x0000000000000000        0x0 list.o
 .text.hf_list_init
                0x0000000000000000       0x2c list.o
 .text.hf_list_append
                0x0000000000000000       0x60 list.o
 .text.hf_list_insert
                0x0000000000000000       0x88 list.o
 .text.hf_list_remove
                0x0000000000000000       0x5c list.o
 .text.hf_list_get
                0x0000000000000000       0x2c list.o
 .text.hf_list_set
                0x0000000000000000       0x30 list.o
 .text.hf_list_count
                0x0000000000000000       0x20 list.o
 .comment       0x0000000000000000       0x12 list.o
 .gnu.attributes
                0x0000000000000000       0x10 list.o
 .scommon       0x0000000000000000        0x0 list.o
 .text          0x0000000000000000        0x0 main.o
 .data          0x0000000000000000        0x0 main.o
 .bss           0x0000000000000000        0x0 main.o
 .reginfo       0x0000000000000000       0x18 main.o
 .pdr           0x0000000000000000       0x20 main.o
 .text          0x0000000000000000        0x0 malloc.o
 .data          0x0000000000000000        0x0 malloc.o
 .bss           0x0000000000000000        0x0 malloc.o
 .reginfo       0x0000000000000000       0x18 malloc.o
 .pdr           0x0000000000000000       0xa0 malloc.o
 .text.hf_calloc
                0x0000000000000000       0x5c malloc.o
 .text.hf_realloc
                0x0000000000000000       0x8c malloc.o
 .text          0x0000000000000000        0x0 math.o
 .data          0x0000000000000000        0x0 math.o
 .bss           0x0000000000000000        0x0 math.o
 .reginfo       0x0000000000000000       0x18 math.o
 .pdr           0x0000000000000000      0x300 math.o
 .mdebug.abi32  0x0000000000000000        0x0 math.o
 .text.xatan    0x0000000000000000      0x150 math.o
 .text.satan    0x0000000000000000       0xf4 math.o
 .text.fabs     0x0000000000000000       0x38 math.o
 .text.frexp    0x0000000000000000       0x90 math.o
 .text.ldexp    0x0000000000000000      0x1ac math.o
 .text.modf     0x0000000000000000       0xcc math.o
 .text.sinus    0x0000000000000000      0x248 math.o
 .text.floor    0x0000000000000000       0xa0 math.o
 .text.ceil     0x0000000000000000       0x2c math.o
 .text.sqrt     0x0000000000000000      0x1f8 math.o
 .text.exp      0x0000000000000000      0x20c math.o
 .text.log      0x0000000000000000      0x20c math.o
 .text.log10    0x0000000000000000       0x2c math.o
 .text.pow      0x0000000000000000      0x10c math.o
 .text.cos      0x0000000000000000       0x3c math.o
 .text.sin      0x0000000000000000        0x8 math.o
 .text.tan      0x0000000000000000      0x2a0 math.o
 .text.atan     0x0000000000000000       0x5c math.o
 .text.atan2    0x0000000000000000      0x180 math.o
 .text.asin     0x0000000000000000      0x12c math.o
 .text.acos     0x0000000000000000       0x8c math.o
 .text.sinh     0x0000000000000000      0x22c math.o
 .text.cosh     0x0000000000000000       0xb8 math.o
 .text.tanh     0x0000000000000000       0x9c math.o
 .rodata.cst4   0x0000000000000000      0x118 math.o
 .rodata.cst8   0x0000000000000000       0x18 math.o
 .comment       0x0000000000000000       0x12 math.o
 .gnu.attributes
                0x0000000000000000       0x10 math.o
 .text          0x0000000000000000        0x0 mutex.o
 .data          0x0000000000000000        0x0 mutex.o
 .bss           0x0000000000000000        0x0 mutex.o
 .reginfo       0x0000000000000000       0x18 mutex.o
 .pdr           0x0000000000000000       0x60 mutex.o
 .text          0x0000000000000000        0x0 panic.o
 .data          0x0000000000000000        0x0 panic.o
 .bss           0x0000000000000000        0x0 panic.o
 .reginfo       0x0000000000000000       0x18 panic.o
 .pdr           0x0000000000000000       0x20 panic.o
 .text          0x0000000000000000        0x0 processor.o
 .data          0x0000000000000000        0x0 processor.o
 .bss           0x0000000000000000        0x0 processor.o
 .reginfo       0x0000000000000000       0x18 processor.o
 .pdr           0x0000000000000000       0xa0 processor.o
 .text.hf_freecpu
                0x0000000000000000       0xd4 processor.o
 .text.hf_cpuload
                0x0000000000000000      0x110 processor.o
 .text.hf_freemem
                0x0000000000000000       0x34 processor.o
 .text.hf_ticktime
                0x0000000000000000       0x34 processor.o
 .text          0x0000000000000000        0x0 queue.o
 .data          0x0000000000000000        0x0 queue.o
 .bss           0x0000000000000000        0x0 queue.o
 .reginfo       0x0000000000000000       0x18 queue.o
 .pdr           0x0000000000000000      0x120 queue.o
 .text.hf_queue_destroy
                0x0000000000000000       0x44 queue.o
 .text.hf_queue_remtail
                0x0000000000000000       0x6c queue.o
 .text.hf_queue_set
                0x0000000000000000       0x74 queue.o
 .text          0x0000000000000000        0x0 scheduler.o
 .data          0x0000000000000000        0x0 scheduler.o
 .bss           0x0000000000000000        0x0 scheduler.o
 .reginfo       0x0000000000000000       0x18 scheduler.o
 .pdr           0x0000000000000000      0x100 scheduler.o
 .text.sched_rr
                0x0000000000000000       0x74 scheduler.o
 .text.sched_lottery
                0x0000000000000000       0xc4 scheduler.o
 .text          0x0000000000000000        0x0 semaphore.o
 .data          0x0000000000000000        0x0 semaphore.o
 .bss           0x0000000000000000        0x0 semaphore.o
 .reginfo       0x0000000000000000       0x18 semaphore.o
 .pdr           0x0000000000000000       0x80 semaphore.o
 .mdebug.abi32  0x0000000000000000        0x0 semaphore.o
 .text.hf_seminit
                0x0000000000000000       0x84 semaphore.o
 .text.hf_semdestroy
                0x0000000000000000       0x60 semaphore.o
 .text.hf_semwait
                0x0000000000000000       0xb0 semaphore.o
 .text.hf_sempost
                0x0000000000000000       0x84 semaphore.o
 .comment       0x0000000000000000       0x12 semaphore.o
 .gnu.attributes
                0x0000000000000000       0x10 semaphore.o
 .scommon       0x0000000000000000        0x0 semaphore.o
 .text          0x0000000000000000        0x0 tarefa_aper.o
 .data          0x0000000000000000        0x0 tarefa_aper.o
 .bss           0x0000000000000000        0x0 tarefa_aper.o
 .reginfo       0x0000000000000000       0x18 tarefa_aper.o
 .pdr           0x0000000000000000       0x80 tarefa_aper.o
 .text          0x0000000000000000        0x0 task.o
 .data          0x0000000000000000        0x0 task.o
 .bss           0x0000000000000000        0x0 task.o
 .reginfo       0x0000000000000000       0x18 task.o
 .pdr           0x0000000000000000      0x1e0 task.o
 .text.hf_id    0x0000000000000000       0xe0 task.o
 .text.hf_name  0x0000000000000000       0x70 task.o
 .text.hf_state
                0x0000000000000000       0x70 task.o
 .text.hf_priorityset
                0x0000000000000000       0x90 task.o
 .text.hf_priorityget
                0x0000000000000000       0x7c task.o
 .text.hf_block
                0x0000000000000000      0x16c task.o
 .text.hf_resume
                0x0000000000000000      0x170 task.o
 .text.hf_delay
                0x0000000000000000      0x344 task.o

Memory Configuration

Name             Origin             Length             Attributes
rom              0x0000000000000000 0x0000000010000000
ram              0x0000000040000000 0x0000000010000000
ram_top          0x000000004ffffc00 0x0000000000000400
*default*        0x0000000000000000 0xffffffffffffffff

Linker script and memory map

                0x000000004ffffffc                _stack = 0x4ffffffc
                0x0000000000000000                . = 0x0

.text           0x0000000040000000     0x3734
 *(.text.init)
                0x0000000040000000                _text = .
 *(.text)
 .text          0x0000000040000000      0x2a8 crt0.o
                0x0000000040000000                _entry
                0x0000000040000100                _isr
                0x0000000040000208                _interrupt_set
                0x0000000040000220                _context_save
                0x000000004000025c                _context_restore
 *(.text.*)
 .text._idletask
                0x00000000400002a8        0x8 hal.o
 .text.putchar  0x00000000400002b0       0x20 hal.o
                0x00000000400002b0                putchar
 .text.dputchar
                0x00000000400002d0       0x10 hal.o
                0x00000000400002d0                dputchar
 .text.delay_ms
                0x00000000400002e0      0x124 hal.o
                0x00000000400002e0                delay_ms
 .text._hardware_init
                0x0000000040000404       0x28 hal.o
                0x0000000040000404                _hardware_init
 .text._vm_init
                0x000000004000042c       0x30 hal.o
                0x000000004000042c                _vm_init
 .text._sched_init
                0x000000004000045c        0xc hal.o
                0x000000004000045c                _sched_init
 .text.timer0b_handler
                0x0000000040000468        0x8 hal.o
                0x0000000040000468                timer0b_handler
 .text.timer1ctc_handler
                0x0000000040000470        0x8 hal.o
                0x0000000040000470                timer1ctc_handler
 .text._timer_init
                0x0000000040000478       0x34 hal.o
                0x0000000040000478                _timer_init
 .text._irq_init
                0x00000000400004ac       0x34 hal.o
                0x00000000400004ac                _irq_init
 .text._device_init
                0x00000000400004e0        0xc hal.o
                0x00000000400004e0                _device_init
 .text._task_init
                0x00000000400004ec       0x9c hal.o
                0x00000000400004ec                _task_init
 .text._set_task_sp
                0x0000000040000588       0x2c hal.o
                0x0000000040000588                _set_task_sp
 .text._get_task_sp
                0x00000000400005b4       0x2c hal.o
                0x00000000400005b4                _get_task_sp
 .text._set_task_tp
                0x00000000400005e0       0x2c hal.o
                0x00000000400005e0                _set_task_tp
 .text._read_us
                0x000000004000060c       0x90 hal.o
                0x000000004000060c                _read_us
 .text._timer_reset
                0x000000004000069c       0x3c hal.o
                0x000000004000069c                _timer_reset
 .text._panic   0x00000000400006d8       0x10 hal.o
                0x00000000400006d8                _panic
 .text.irq0_handler
                0x00000000400006e8      0x24c interrupt.o
                0x00000000400006e8                irq0_handler
 .text.dummy_handler
                0x0000000040000934        0xc interrupt.o
                0x0000000040000934                timer0a_handler
                0x0000000040000934                irq4_handler
                0x0000000040000934                spi0_handler
                0x0000000040000934                uart7tx_handler
                0x0000000040000934                uart6tx_handler
                0x0000000040000934                irq2_handler
                0x0000000040000934                adc2_handler
                0x0000000040000934                timer4ocr_handler
                0x0000000040000934                irq7_handler
                0x0000000040000934                timer3ocr_handler
                0x0000000040000934                timer7ctc_handler
                0x0000000040000934                uart7rx_handler
                0x0000000040000934                uart4tx_handler
                0x0000000040000934                uart2rx_handler
                0x0000000040000934                porta_handler
                0x0000000040000934                uart3rx_handler
                0x0000000040000934                portd_handler
                0x0000000040000934                uart2tx_handler
                0x0000000040000934                uart3tx_handler
                0x0000000040000934                portc_handler
                0x0000000040000934                uart0rx_handler
                0x0000000040000934                dummy_handler
                0x0000000040000934                irq3_handler
                0x0000000040000934                adc3_handler
                0x0000000040000934                timer6ctc_handler
                0x0000000040000934                irq1_handler
                0x0000000040000934                adc1_handler
                0x0000000040000934                i2c1_handler
                0x0000000040000934                spi2_handler
                0x0000000040000934                irq6_handler
                0x0000000040000934                timer4ctc_handler
                0x0000000040000934                dac2_handler
                0x0000000040000934                timer5ctc_handler
                0x0000000040000934                uart0tx_handler
                0x0000000040000934                portb_handler
                0x0000000040000934                dac0_handler
                0x0000000040000934                uart5tx_handler
                0x0000000040000934                spi1_handler
                0x0000000040000934                uart1tx_handler
                0x0000000040000934                i2c0_handler
                0x0000000040000934                spi3_handler
                0x0000000040000934                dac1_handler
                0x0000000040000934                uart1rx_handler
                0x0000000040000934                timer6ocr_handler
                0x0000000040000934                uart6rx_handler
                0x0000000040000934                uart5rx_handler
                0x0000000040000934                timer2ocr_handler
                0x0000000040000934                timer2ctc_handler
                0x0000000040000934                timer7ocr_handler
                0x0000000040000934                timer5ocr_handler
                0x0000000040000934                adc0_handler
                0x0000000040000934                timer3ctc_handler
                0x0000000040000934                i2c2_handler
                0x0000000040000934                dac3_handler
                0x0000000040000934                i2c3_handler
                0x0000000040000934                timer1ocr_handler
                0x0000000040000934                uart4rx_handler
                0x0000000040000934                irq5_handler
 .text._irq_handler
                0x0000000040000940       0x84 interrupt.o
                0x0000000040000940                _irq_handler
 .text.kitoa.part.0
                0x00000000400009c4      0x194 kprintf.o
 .text.kprintf  0x0000000040000b58      0x1f4 kprintf.o
                0x0000000040000b58                kprintf
 .text.dprintf  0x0000000040000d4c      0x20c kprintf.o
                0x0000000040000d4c                dprintf
 .text.printchar
                0x0000000040000f58       0x38 libc.o
 .text.vsprintf
                0x0000000040000f90      0x310 libc.o
 .text.strncpy  0x00000000400012a0       0x78 libc.o
                0x00000000400012a0                strncpy
 .text.memset   0x0000000040001318       0x28 libc.o
                0x0000000040001318                memset
 .text.random   0x0000000040001340       0x54 libc.o
                0x0000000040001340                random
 .text.printf   0x0000000040001394       0x3c libc.o
                0x0000000040001394                printf
 .text.__udivmodsi4
                0x00000000400013d0       0x88 libc.o
                0x00000000400013d0                __udivmodsi4
 .text.__divsi3
                0x0000000040001458       0x54 libc.o
                0x0000000040001458                __divsi3
 .text.__modsi3
                0x00000000400014ac       0x50 libc.o
                0x00000000400014ac                __modsi3
 .text.__udivsi3
                0x00000000400014fc        0x8 libc.o
                0x00000000400014fc                __udivsi3
 .text.__umodsi3
                0x0000000040001504        0x8 libc.o
                0x0000000040001504                __umodsi3
 .text.__udivmoddi4
                0x000000004000150c       0xfc libc.o
                0x000000004000150c                __udivmoddi4
 .text.__udivdi3
                0x0000000040001608       0x1c libc.o
                0x0000000040001608                __udivdi3
 .text.startup.main
                0x0000000040001624      0x2dc main.o
                0x0000000040001624                main
 .text.hf_free  0x0000000040001900       0x6c malloc.o
                0x0000000040001900                hf_free
 .text.hf_malloc
                0x000000004000196c      0x12c malloc.o
                0x000000004000196c                hf_malloc
 .text.heapinit
                0x0000000040001a98       0x54 malloc.o
                0x0000000040001a98                heapinit
 .text.hf_mtxinit
                0x0000000040001aec        0xc mutex.o
                0x0000000040001aec                hf_mtxinit
 .text.hf_mtxlock
                0x0000000040001af8       0x58 mutex.o
                0x0000000040001af8                hf_mtxlock
 .text.hf_mtxunlock
                0x0000000040001b50        0xc mutex.o
                0x0000000040001b50                hf_mtxunlock
 .text.panic    0x0000000040001b5c      0x24c panic.o
                0x0000000040001b5c                panic
 .text.hf_schedlock
                0x0000000040001da8       0x40 processor.o
                0x0000000040001da8                hf_schedlock
 .text.hf_queue_create
                0x0000000040001de8       0x70 queue.o
                0x0000000040001de8                hf_queue_create
 .text.hf_queue_count
                0x0000000040001e58        0x8 queue.o
                0x0000000040001e58                hf_queue_count
 .text.hf_queue_addtail
                0x0000000040001e60       0x88 queue.o
                0x0000000040001e60                hf_queue_addtail
 .text.hf_queue_remhead
                0x0000000040001ee8       0x6c queue.o
                0x0000000040001ee8                hf_queue_remhead
 .text.hf_queue_get
                0x0000000040001f54       0x64 queue.o
                0x0000000040001f54                hf_queue_get
 .text.hf_queue_swap
                0x0000000040001fb8       0xbc queue.o
                0x0000000040001fb8                hf_queue_swap
 .text.process_delay_queue
                0x0000000040002074      0x114 scheduler.o
 .text.run_queue_next
                0x0000000040002188       0x70 scheduler.o
 .text.dispatch_isr
                0x00000000400021f8      0x1c8 scheduler.o
                0x00000000400021f8                dispatch_isr
 .text.sched_priorityrr
                0x00000000400023c0      0x16c scheduler.o
                0x00000000400023c0                sched_priorityrr
 .text.sched_rma
                0x000000004000252c      0x248 scheduler.o
                0x000000004000252c                sched_rma
 .text.sched_polling
                0x0000000040002774      0x2c0 scheduler.o
                0x0000000040002774                sched_polling
 .text.task_best_effort
                0x0000000040002a34       0xf4 tarefa_aper.o
                0x0000000040002a34                task_best_effort
 .text.task_tempo_real
                0x0000000040002b28       0x84 tarefa_aper.o
                0x0000000040002b28                task_tempo_real
 .text.task_polling_server
                0x0000000040002bac       0x90 tarefa_aper.o
                0x0000000040002bac                task_polling_server
 .text.app_main
                0x0000000040002c3c       0x70 tarefa_aper.o
                0x0000000040002c3c                app_main
 .text.hf_selfid
                0x0000000040002cac       0x38 task.o
                0x0000000040002cac                hf_selfid
 .text.hf_selfname
                0x0000000040002ce4       0x38 task.o
                0x0000000040002ce4                hf_selfname
 .text.hf_jobs  0x0000000040002d1c       0x8c task.o
                0x0000000040002d1c                hf_jobs
 .text.hf_dlm   0x0000000040002da8       0x70 task.o
                0x0000000040002da8                hf_dlm
 .text.hf_spawn
                0x0000000040002e18      0x334 task.o
                0x0000000040002e18                hf_spawn
 .text.hf_yield
                0x000000004000314c      0x1c0 task.o
                0x000000004000314c                hf_yield
 .text.hf_kill  0x000000004000330c      0x428 task.o
                0x000000004000330c                hf_kill
                0x0000000040003734                _etext = .

.rodata         0x0000000040003734      0x9b4
                0x0000000040003734                _rodata = .
 *(.rodata)
 *(.rodata.*)
 .rodata.str1.4
                0x0000000040003734       0xb7 hal.o
                                         0xc4 (size before relaxing)
 *fill*         0x00000000400037eb        0x1 
 .rodata.str1.4
                0x00000000400037ec       0x3a interrupt.o
                                         0x3c (size before relaxing)
 *fill*         0x0000000040003826        0x2 
 .rodata.irq0_handler
                0x0000000040003828       0x84 interrupt.o
 .rodata.str1.4
                0x00000000400038ac       0x1f kprintf.o
                                         0x20 (size before relaxing)
 *fill*         0x00000000400038cb        0x1 
 .rodata.str1.4
                0x00000000400038cc       0x63 libc.o
                                         0x78 (size before relaxing)
 *fill*         0x000000004000392f        0x1 
 .rodata.vsprintf
                0x0000000040003930       0x84 libc.o
 .rodata.str1.4
                0x00000000400039b4      0x184 main.o
 .rodata.str1.4
                0x0000000040003b38      0x1fc panic.o
 .rodata.str1.4
                0x0000000040003d34       0x62 processor.o
                                         0x64 (size before relaxing)
 *fill*         0x0000000040003d96        0x2 
 .rodata.str1.4
                0x0000000040003d98       0x21 scheduler.o
                                         0x24 (size before relaxing)
 *fill*         0x0000000040003db9        0x3 
 .rodata.str1.4
                0x0000000040003dbc       0x5e tarefa_aper.o
                                         0x60 (size before relaxing)
 *fill*         0x0000000040003e1a        0x2 
 .rodata.str1.4
                0x0000000040003e1c      0x2cc task.o
                                        0x2e0 (size before relaxing)
                0x00000000400040e8                _erodata = .

.rel.dyn        0x00000000400040e8      0x1d0
 .rel.dyn       0x00000000400040e8      0x1d0 interrupt.o

.data           0x00000000400042b8       0x78
                0x00000000400042b8                _data = .
 *(.data)
 *(.data.*)
 .data.timer_vector
                0x00000000400042b8       0x40 interrupt.o
                0x00000000400042b8                timer_vector
 .data.gpio_vector
                0x00000000400042f8       0x10 interrupt.o
                0x00000000400042f8                gpio_vector
 .data.irq_vector
                0x0000000040004308       0x20 interrupt.o
                0x0000000040004308                irq_vector
 .data.rand1    0x0000000040004328        0x4 libc.o
 .data.oops.1151
                0x000000004000432c        0x4 main.o
                0x000000004000c320                _gp = (. + 0x7ff0)
 *(.sdata)
 *(.sdata.*)
                0x0000000040004330                . = ALIGN (0x10)
                0x0000000040004330                _edata = .

.bss            0x0000000040004330    0x7b3c0
                0x0000000040004330                _bss_start = .
 *(.sbss)
 *(.sbss.*)
 *(.bss)
 *(.bss.*)
 .bss.timecount.1365
                0x0000000040004330        0x4 hal.o
 .bss.lastcount.1366
                0x0000000040004334        0x4 hal.o
 .bss.tref.1375
                0x0000000040004338        0x4 hal.o
 .bss.tval2.1374
                0x000000004000433c        0x4 hal.o
 .bss.timeref.1373
                0x0000000040004340        0x8 hal.o
 .bss.buf.981   0x0000000040004348       0x20 kprintf.o
 .bss.krnl_malloc
                0x0000000040004368        0x4 malloc.o
                0x000000004000436c                . = ALIGN (0x4)
                0x000000004000436c                _bss_end = .
 COMMON         0x000000004000436c    0x7b384 condvar.o
                0x000000004000436c                krnl_tcb
                0x00000000400055b4                krnl_heap
                0x000000004007f6d4                krnl_pcb
                0x000000004007f6f0                _end = .
LOAD condvar.o
LOAD crc.o
LOAD crt0.o
LOAD eth_enc28j60.o
LOAD hal.o
LOAD interrupt.o
LOAD kprintf.o
LOAD libc.o
LOAD list.o
LOAD main.o
LOAD malloc.o
LOAD math.o
LOAD mutex.o
LOAD panic.o
LOAD processor.o
LOAD queue.o
LOAD scheduler.o
LOAD semaphore.o
LOAD tarefa_aper.o
LOAD task.o
OUTPUT(image.elf elf32-bigmips)

.scommon        0x000000004007f6f0       0x30
 .scommon       0x000000004007f6f0       0x28 condvar.o
                0x000000004007f6f0                krnl_current_task
                0x000000004007f6f4                krnl_task
                0x000000004007f6f8                krnl_event_queue
                0x000000004007f6fc                krnl_tasks
                0x000000004007f700                queue_aperiodic
                0x000000004007f704                krnl_free
                0x000000004007f708                krnl_run_queue
                0x000000004007f70c                krnl_rt_queue
                0x000000004007f710                krnl_schedule
                0x000000004007f714                krnl_delay_queue
 .scommon       0x000000004007f718        0x8 eth_enc28j60.o
                0x000000004007f718                last_free
                0x000000004007f71c                first_free

.reginfo        0x0000000000000000       0x18
 .reginfo       0x0000000000000000       0x18 condvar.o

.mdebug.abi32   0x0000000000000000        0x0
 .mdebug.abi32  0x0000000000000000        0x0 condvar.o
 .mdebug.abi32  0x0000000000000000        0x0 eth_enc28j60.o
 .mdebug.abi32  0x0000000000000000        0x0 hal.o
 .mdebug.abi32  0x0000000000000000        0x0 interrupt.o
 .mdebug.abi32  0x0000000000000000        0x0 kprintf.o
 .mdebug.abi32  0x0000000000000000        0x0 libc.o
 .mdebug.abi32  0x0000000000000000        0x0 main.o
 .mdebug.abi32  0x0000000000000000        0x0 malloc.o
 .mdebug.abi32  0x0000000000000000        0x0 mutex.o
 .mdebug.abi32  0x0000000000000000        0x0 panic.o
 .mdebug.abi32  0x0000000000000000        0x0 processor.o
 .mdebug.abi32  0x0000000000000000        0x0 queue.o
 .mdebug.abi32  0x0000000000000000        0x0 scheduler.o
 .mdebug.abi32  0x0000000000000000        0x0 tarefa_aper.o
 .mdebug.abi32  0x0000000000000000        0x0 task.o

.comment        0x0000000000000000       0x11
 .comment       0x0000000000000000       0x11 condvar.o
                                         0x12 (size before relaxing)
 .comment       0x0000000000000000       0x12 eth_enc28j60.o
 .comment       0x0000000000000000       0x12 hal.o
 .comment       0x0000000000000000       0x12 interrupt.o
 .comment       0x0000000000000000       0x12 kprintf.o
 .comment       0x0000000000000000       0x12 libc.o
 .comment       0x0000000000000000       0x12 main.o
 .comment       0x0000000000000000       0x12 malloc.o
 .comment       0x0000000000000000       0x12 mutex.o
 .comment       0x0000000000000000       0x12 panic.o
 .comment       0x0000000000000000       0x12 processor.o
 .comment       0x0000000000000000       0x12 queue.o
 .comment       0x0000000000000000       0x12 scheduler.o
 .comment       0x0000000000000000       0x12 tarefa_aper.o
 .comment       0x0000000000000000       0x12 task.o

.gnu.attributes
                0x0000000000000000       0x10
 .gnu.attributes
                0x0000000000000000       0x10 condvar.o
 .gnu.attributes
                0x0000000000000010       0x10 eth_enc28j60.o
 .gnu.attributes
                0x0000000000000020       0x10 hal.o
 .gnu.attributes
                0x0000000000000030       0x10 interrupt.o
 .gnu.attributes
                0x0000000000000040       0x10 kprintf.o
 .gnu.attributes
                0x0000000000000050       0x10 libc.o
 .gnu.attributes
                0x0000000000000060       0x10 main.o
 .gnu.attributes
                0x0000000000000070       0x10 malloc.o
 .gnu.attributes
                0x0000000000000080       0x10 mutex.o
 .gnu.attributes
                0x0000000000000090       0x10 panic.o
 .gnu.attributes
                0x00000000000000a0       0x10 processor.o
 .gnu.attributes
                0x00000000000000b0       0x10 queue.o
 .gnu.attributes
                0x00000000000000c0       0x10 scheduler.o
 .gnu.attributes
                0x00000000000000d0       0x10 tarefa_aper.o
 .gnu.attributes
                0x00000000000000e0       0x10 task.o

.pdr            0x0000000000000000        0x0
 .pdr           0x0000000000000000        0x0 eth_enc28j60.o

.scommon        0x0000000000000000        0x0
 .scommon       0x0000000000000000        0x0 hal.o
 .scommon       0x0000000000000000        0x0 interrupt.o
 .scommon       0x0000000000000000        0x0 libc.o
 .scommon       0x0000000000000000        0x0 main.o
 .scommon       0x0000000000000000        0x0 malloc.o
 .scommon       0x0000000000000000        0x0 panic.o
 .scommon       0x0000000000000000        0x0 processor.o
 .scommon       0x0000000000000000        0x0 queue.o
 .scommon       0x0000000000000000        0x0 scheduler.o
 .scommon       0x0000000000000000        0x0 tarefa_aper.o
 .scommon       0x0000000000000000        0x0 task.o
