
Allocating common symbols
Common symbol       size              file

krnl_tcb            0x1248            condvar.o
last_free           0x4               eth_enc28j60.o
krnl_heap           0x7a120           condvar.o
krnl_current_task   0x2               condvar.o
krnl_task           0x4               condvar.o
krnl_event_queue    0x4               condvar.o
first_free          0x4               eth_enc28j60.o
krnl_tasks          0x2               condvar.o
queue_aperiodic     0x4               condvar.o
krnl_pcb            0x1c              condvar.o
krnl_free           0x4               condvar.o
krnl_run_queue      0x4               condvar.o
krnl_rt_queue       0x4               condvar.o
krnl_schedule       0x2               condvar.o
krnl_delay_queue    0x4               condvar.o

Discarded input sections

 .text          0x0000000000000000        0x0 condvar.o
 .data          0x0000000000000000        0x0 condvar.o
 .bss           0x0000000000000000        0x0 condvar.o
 .pdr           0x0000000000000000       0xa0 condvar.o
 .text.hf_condinit
                0x0000000000000000       0x68 condvar.o
 .text.hf_conddestroy
                0x0000000000000000       0x60 condvar.o
 .text.hf_condwait
                0x0000000000000000       0xe0 condvar.o
 .text.hf_condsignal
                0x0000000000000000       0x48 condvar.o
 .text.hf_condbroadcast
                0x0000000000000000       0x70 condvar.o
 .text          0x0000000000000000        0x0 crc.o
 .data          0x0000000000000000        0x0 crc.o
 .bss           0x0000000000000000        0x0 crc.o
 .reginfo       0x0000000000000000       0x18 crc.o
 .pdr           0x0000000000000000       0x60 crc.o
 .mdebug.abi32  0x0000000000000000        0x0 crc.o
 .text.hf_crc16
                0x0000000000000000       0x6c crc.o
 .text.hf_crc32
                0x0000000000000000       0x50 crc.o
 .text.hf_crc64
                0x0000000000000000       0x78 crc.o
 .comment       0x0000000000000000       0x12 crc.o
 .gnu.attributes
                0x0000000000000000       0x10 crc.o
 .data          0x0000000000000000        0x0 crt0.o
 .bss           0x0000000000000000        0x0 crt0.o
 .reginfo       0x0000000000000000       0x18 crt0.o
 .pdr           0x0000000000000000       0xa0 crt0.o
 .text          0x0000000000000000        0x0 eth_enc28j60.o
 .data          0x0000000000000000        0x0 eth_enc28j60.o
 .bss           0x0000000000000000        0x0 eth_enc28j60.o
 .reginfo       0x0000000000000000       0x18 eth_enc28j60.o
 .text          0x0000000000000000        0x0 hal.o
 .data          0x0000000000000000        0x0 hal.o
 .bss           0x0000000000000000        0x0 hal.o
 .reginfo       0x0000000000000000       0x18 hal.o
 .pdr           0x0000000000000000      0x380 hal.o
 .text.kbhit    0x0000000000000000       0x10 hal.o
 .text.getchar  0x0000000000000000       0x20 hal.o
 .text.delay_ms
                0x0000000000000000      0x124 hal.o
 .text.delay_us
                0x0000000000000000      0x124 hal.o
 .text.led_set  0x0000000000000000        0x8 hal.o
 .text.button_get
                0x0000000000000000        0x8 hal.o
 .text.switch_get
                0x0000000000000000        0x8 hal.o
 .text._cpu_idle
                0x0000000000000000        0x8 hal.o
 .text._get_task_tp
                0x0000000000000000       0x2c hal.o
 .text._readcounter
                0x0000000000000000       0x10 hal.o
 .text          0x0000000000000000        0x0 interrupt.o
 .data          0x0000000000000000        0x0 interrupt.o
 .bss           0x0000000000000000        0x0 interrupt.o
 .reginfo       0x0000000000000000       0x18 interrupt.o
 .pdr           0x0000000000000000       0x80 interrupt.o
 .text._exception_handler
                0x0000000000000000        0xc interrupt.o
 .data.dac_vector
                0x0000000000000000       0x10 interrupt.o
 .data.adc_vector
                0x0000000000000000       0x10 interrupt.o
 .data.i2c_vector
                0x0000000000000000       0x10 interrupt.o
 .data.spi_vector
                0x0000000000000000       0x10 interrupt.o
 .data.uart_vector
                0x0000000000000000       0x40 interrupt.o
 .text          0x0000000000000000        0x0 kprintf.o
 .data          0x0000000000000000        0x0 kprintf.o
 .bss           0x0000000000000000        0x0 kprintf.o
 .reginfo       0x0000000000000000       0x18 kprintf.o
 .pdr           0x0000000000000000       0x60 kprintf.o
 .text          0x0000000000000000        0x0 libc.o
 .data          0x0000000000000000        0x0 libc.o
 .bss           0x0000000000000000        0x0 libc.o
 .reginfo       0x0000000000000000       0x18 libc.o
 .pdr           0x0000000000000000      0xae0 libc.o
 .text.strcpy   0x0000000000000000       0x24 libc.o
 .text.strcat   0x0000000000000000       0x3c libc.o
 .text.strncat  0x0000000000000000       0x60 libc.o
 .text.strcmp   0x0000000000000000       0x34 libc.o
 .text.strncmp  0x0000000000000000       0x40 libc.o
 .text.strstr   0x0000000000000000       0x64 libc.o
 .text.strlen   0x0000000000000000       0x2c libc.o
 .text.strchr   0x0000000000000000       0x30 libc.o
 .text.strpbrk  0x0000000000000000       0x60 libc.o
 .text.strsep   0x0000000000000000       0x80 libc.o
 .text.strtok   0x0000000000000000       0xa8 libc.o
 .text.memcpy   0x0000000000000000       0x2c libc.o
 .text.memmove  0x0000000000000000       0x70 libc.o
 .text.memcmp   0x0000000000000000       0x5c libc.o
 .text.strtol   0x0000000000000000      0x110 libc.o
 .text.atoi     0x0000000000000000       0xc4 libc.o
 .text.atof     0x0000000000000000      0x1d8 libc.o
 .text.itoa     0x0000000000000000      0x124 libc.o
 .text.ftoa     0x0000000000000000      0x168 libc.o
 .text.puts     0x0000000000000000       0x4c libc.o
 .text.gets     0x0000000000000000       0x74 libc.o
 .text.abs      0x0000000000000000       0x10 libc.o
 .text.random   0x0000000000000000       0x54 libc.o
 .text.srand    0x0000000000000000        0xc libc.o
 .text.hexdump  0x0000000000000000      0x154 libc.o
 .text.sprintf  0x0000000000000000       0x34 libc.o
 .text.malloc   0x0000000000000000        0x8 libc.o
 .text.free     0x0000000000000000        0x8 libc.o
 .text.calloc   0x0000000000000000        0x8 libc.o
 .text.realloc  0x0000000000000000        0x8 libc.o
 .text.__mulsi3
                0x0000000000000000       0x28 libc.o
 .text.__muldsi3
                0x0000000000000000       0xc4 libc.o
 .text.__muldi3
                0x0000000000000000       0xa8 libc.o
 .text.__ashldi3
                0x0000000000000000       0x44 libc.o
 .text.__ashrdi3
                0x0000000000000000       0x3c libc.o
 .text.__lshrdi3
                0x0000000000000000       0x40 libc.o
 .text.__umoddi3
                0x0000000000000000       0x28 libc.o
 .text.__moddi3
                0x0000000000000000       0xb0 libc.o
 .text.__divdi3
                0x0000000000000000       0x78 libc.o
 .text.__addsf3
                0x0000000000000000      0x150 libc.o
 .text.__subsf3
                0x0000000000000000       0x30 libc.o
 .text.__cmpsf2
                0x0000000000000000       0x48 libc.o
 .text.__ltsf2  0x0000000000000000       0x20 libc.o
 .text.__lesf2  0x0000000000000000       0x20 libc.o
 .text.__gtsf2  0x0000000000000000       0x20 libc.o
 .text.__gesf2  0x0000000000000000       0x20 libc.o
 .text.__eqsf2  0x0000000000000000        0xc libc.o
 .text.__nesf2  0x0000000000000000        0xc libc.o
 .text.__mulsf3
                0x0000000000000000      0x124 libc.o
 .text.__divsf3
                0x0000000000000000       0xd8 libc.o
 .text.__negsf2
                0x0000000000000000       0x18 libc.o
 .text.__fixsfsi
                0x0000000000000000       0x58 libc.o
 .text.__fixunssfsi
                0x0000000000000000       0x58 libc.o
 .text.__floatsisf
                0x0000000000000000       0x84 libc.o
 .text.__floatunsisf
                0x0000000000000000       0x6c libc.o
 .text.__floatsidf
                0x0000000000000000       0x8c libc.o
 .text.__floatdidf
                0x0000000000000000       0xd0 libc.o
 .text.__negdf2
                0x0000000000000000       0x20 libc.o
 .text.__extendsfdf2
                0x0000000000000000       0x48 libc.o
 .text.__truncdfsf2
                0x0000000000000000       0x88 libc.o
 .text.__cmpdf2
                0x0000000000000000       0x50 libc.o
 .text.__fixdfsi
                0x0000000000000000       0x7c libc.o
 .text.__fixdfdi
                0x0000000000000000       0xb8 libc.o
 .text.__fixunsdfsi
                0x0000000000000000       0x64 libc.o
 .text.__fixunsdfdi
                0x0000000000000000       0x78 libc.o
 .text.__adddf3
                0x0000000000000000      0x248 libc.o
 .text.__subdf3
                0x0000000000000000       0x40 libc.o
 .text.__muldf3
                0x0000000000000000      0x244 libc.o
 .text.__divdf3
                0x0000000000000000      0x1f8 libc.o
 .text.__gtdf2  0x0000000000000000       0x7c libc.o
 .text.__gedf2  0x0000000000000000       0x7c libc.o
 .text.__ltdf2  0x0000000000000000       0x7c libc.o
 .text.__ledf2  0x0000000000000000       0x7c libc.o
 .text.__eqdf2  0x0000000000000000       0x14 libc.o
 .text.__nedf2  0x0000000000000000       0x14 libc.o
 .bss.last.1099
                0x0000000000000000        0x4 libc.o
 .data.rand1    0x0000000000000000        0x4 libc.o
 .rodata.cst4   0x0000000000000000       0x14 libc.o
 .rodata.cst8   0x0000000000000000        0x8 libc.o
 .text          0x0000000000000000        0x0 list.o
 .data          0x0000000000000000        0x0 list.o
 .bss           0x0000000000000000        0x0 list.o
 .reginfo       0x0000000000000000       0x18 list.o
 .pdr           0x0000000000000000       0xe0 list.o
 .mdebug.abi32  0x0000000000000000        0x0 list.o
 .text.hf_list_init
                0x0000000000000000       0x2c list.o
 .text.hf_list_append
                0x0000000000000000       0x60 list.o
 .text.hf_list_insert
                0x0000000000000000       0x88 list.o
 .text.hf_list_remove
                0x0000000000000000       0x5c list.o
 .text.hf_list_get
                0x0000000000000000       0x2c list.o
 .text.hf_list_set
                0x0000000000000000       0x30 list.o
 .text.hf_list_count
                0x0000000000000000       0x20 list.o
 .comment       0x0000000000000000       0x12 list.o
 .gnu.attributes
                0x0000000000000000       0x10 list.o
 .scommon       0x0000000000000000        0x0 list.o
 .text          0x0000000000000000        0x0 main.o
 .data          0x0000000000000000        0x0 main.o
 .bss           0x0000000000000000        0x0 main.o
 .reginfo       0x0000000000000000       0x18 main.o
 .pdr           0x0000000000000000       0x20 main.o
 .text          0x0000000000000000        0x0 malloc.o
 .data          0x0000000000000000        0x0 malloc.o
 .bss           0x0000000000000000        0x0 malloc.o
 .reginfo       0x0000000000000000       0x18 malloc.o
 .pdr           0x0000000000000000       0xa0 malloc.o
 .text.hf_calloc
                0x0000000000000000       0x5c malloc.o
 .text.hf_realloc
                0x0000000000000000       0x8c malloc.o
 .text          0x0000000000000000        0x0 math.o
 .data          0x0000000000000000        0x0 math.o
 .bss           0x0000000000000000        0x0 math.o
 .reginfo       0x0000000000000000       0x18 math.o
 .pdr           0x0000000000000000      0x300 math.o
 .mdebug.abi32  0x0000000000000000        0x0 math.o
 .text.xatan    0x0000000000000000      0x150 math.o
 .text.satan    0x0000000000000000       0xf4 math.o
 .text.fabs     0x0000000000000000       0x38 math.o
 .text.frexp    0x0000000000000000       0x90 math.o
 .text.ldexp    0x0000000000000000      0x1ac math.o
 .text.modf     0x0000000000000000       0xcc math.o
 .text.sinus    0x0000000000000000      0x248 math.o
 .text.floor    0x0000000000000000       0xa0 math.o
 .text.ceil     0x0000000000000000       0x2c math.o
 .text.sqrt     0x0000000000000000      0x1f8 math.o
 .text.exp      0x0000000000000000      0x20c math.o
 .text.log      0x0000000000000000      0x20c math.o
 .text.log10    0x0000000000000000       0x2c math.o
 .text.pow      0x0000000000000000      0x10c math.o
 .text.cos      0x0000000000000000       0x3c math.o
 .text.sin      0x0000000000000000        0x8 math.o
 .text.tan      0x0000000000000000      0x2a0 math.o
 .text.atan     0x0000000000000000       0x5c math.o
 .text.atan2    0x0000000000000000      0x180 math.o
 .text.asin     0x0000000000000000      0x12c math.o
 .text.acos     0x0000000000000000       0x8c math.o
 .text.sinh     0x0000000000000000      0x22c math.o
 .text.cosh     0x0000000000000000       0xb8 math.o
 .text.tanh     0x0000000000000000       0x9c math.o
 .rodata.cst4   0x0000000000000000      0x118 math.o
 .rodata.cst8   0x0000000000000000       0x18 math.o
 .comment       0x0000000000000000       0x12 math.o
 .gnu.attributes
                0x0000000000000000       0x10 math.o
 .text          0x0000000000000000        0x0 mutex.o
 .data          0x0000000000000000        0x0 mutex.o
 .bss           0x0000000000000000        0x0 mutex.o
 .reginfo       0x0000000000000000       0x18 mutex.o
 .pdr           0x0000000000000000       0x60 mutex.o
 .text          0x0000000000000000        0x0 panic.o
 .data          0x0000000000000000        0x0 panic.o
 .bss           0x0000000000000000        0x0 panic.o
 .reginfo       0x0000000000000000       0x18 panic.o
 .pdr           0x0000000000000000       0x20 panic.o
 .text          0x0000000000000000        0x0 processor.o
 .data          0x0000000000000000        0x0 processor.o
 .bss           0x0000000000000000        0x0 processor.o
 .reginfo       0x0000000000000000       0x18 processor.o
 .pdr           0x0000000000000000       0xa0 processor.o
 .text.hf_freecpu
                0x0000000000000000       0xd4 processor.o
 .text.hf_cpuload
                0x0000000000000000      0x110 processor.o
 .text.hf_freemem
                0x0000000000000000       0x34 processor.o
 .text.hf_ticktime
                0x0000000000000000       0x34 processor.o
 .text          0x0000000000000000        0x0 queue.o
 .data          0x0000000000000000        0x0 queue.o
 .bss           0x0000000000000000        0x0 queue.o
 .reginfo       0x0000000000000000       0x18 queue.o
 .pdr           0x0000000000000000      0x120 queue.o
 .text.hf_queue_destroy
                0x0000000000000000       0x44 queue.o
 .text.hf_queue_remtail
                0x0000000000000000       0x6c queue.o
 .text.hf_queue_set
                0x0000000000000000       0x74 queue.o
 .text          0x0000000000000000        0x0 sched_test2.o
 .data          0x0000000000000000        0x0 sched_test2.o
 .bss           0x0000000000000000        0x0 sched_test2.o
 .reginfo       0x0000000000000000       0x18 sched_test2.o
 .pdr           0x0000000000000000       0x40 sched_test2.o
 .text          0x0000000000000000        0x0 scheduler.o
 .data          0x0000000000000000        0x0 scheduler.o
 .bss           0x0000000000000000        0x0 scheduler.o
 .reginfo       0x0000000000000000       0x18 scheduler.o
 .pdr           0x0000000000000000       0xe0 scheduler.o
 .text.sched_rr
                0x0000000000000000       0x74 scheduler.o
 .text.sched_lottery
                0x0000000000000000       0xc4 scheduler.o
 .text          0x0000000000000000        0x0 semaphore.o
 .data          0x0000000000000000        0x0 semaphore.o
 .bss           0x0000000000000000        0x0 semaphore.o
 .reginfo       0x0000000000000000       0x18 semaphore.o
 .pdr           0x0000000000000000       0x80 semaphore.o
 .mdebug.abi32  0x0000000000000000        0x0 semaphore.o
 .text.hf_seminit
                0x0000000000000000       0x84 semaphore.o
 .text.hf_semdestroy
                0x0000000000000000       0x60 semaphore.o
 .text.hf_semwait
                0x0000000000000000       0xb0 semaphore.o
 .text.hf_sempost
                0x0000000000000000       0x84 semaphore.o
 .comment       0x0000000000000000       0x12 semaphore.o
 .gnu.attributes
                0x0000000000000000       0x10 semaphore.o
 .scommon       0x0000000000000000        0x0 semaphore.o
 .text          0x0000000000000000        0x0 task.o
 .data          0x0000000000000000        0x0 task.o
 .bss           0x0000000000000000        0x0 task.o
 .reginfo       0x0000000000000000       0x18 task.o
 .pdr           0x0000000000000000      0x1e0 task.o
 .text.hf_id    0x0000000000000000       0xe0 task.o
 .text.hf_name  0x0000000000000000       0x70 task.o
 .text.hf_state
                0x0000000000000000       0x70 task.o
 .text.hf_priorityset
                0x0000000000000000       0x90 task.o
 .text.hf_priorityget
                0x0000000000000000       0x7c task.o
 .text.hf_block
                0x0000000000000000      0x16c task.o
 .text.hf_resume
                0x0000000000000000      0x170 task.o
 .text.hf_delay
                0x0000000000000000      0x344 task.o

Memory Configuration

Name             Origin             Length             Attributes
rom              0x0000000000000000 0x0000000010000000
ram              0x0000000040000000 0x0000000010000000
ram_top          0x000000004ffffc00 0x0000000000000400
*default*        0x0000000000000000 0xffffffffffffffff

Linker script and memory map

                0x000000004ffffffc                _stack = 0x4ffffffc
                0x0000000000000000                . = 0x0

.text           0x0000000040000000     0x32c0
 *(.text.init)
                0x0000000040000000                _text = .
 *(.text)
 .text          0x0000000040000000      0x2a8 crt0.o
                0x0000000040000000                _entry
                0x0000000040000100                _isr
                0x0000000040000208                _interrupt_set
                0x0000000040000220                _context_save
                0x000000004000025c                _context_restore
 *(.text.*)
 .text._idletask
                0x00000000400002a8        0x8 hal.o
 .text.putchar  0x00000000400002b0       0x20 hal.o
                0x00000000400002b0                putchar
 .text.dputchar
                0x00000000400002d0       0x10 hal.o
                0x00000000400002d0                dputchar
 .text._hardware_init
                0x00000000400002e0       0x28 hal.o
                0x00000000400002e0                _hardware_init
 .text._vm_init
                0x0000000040000308       0x30 hal.o
                0x0000000040000308                _vm_init
 .text._sched_init
                0x0000000040000338        0xc hal.o
                0x0000000040000338                _sched_init
 .text.timer0b_handler
                0x0000000040000344        0x8 hal.o
                0x0000000040000344                timer0b_handler
 .text.timer1ctc_handler
                0x000000004000034c        0x8 hal.o
                0x000000004000034c                timer1ctc_handler
 .text._timer_init
                0x0000000040000354       0x34 hal.o
                0x0000000040000354                _timer_init
 .text._irq_init
                0x0000000040000388       0x34 hal.o
                0x0000000040000388                _irq_init
 .text._device_init
                0x00000000400003bc        0xc hal.o
                0x00000000400003bc                _device_init
 .text._task_init
                0x00000000400003c8       0x9c hal.o
                0x00000000400003c8                _task_init
 .text._set_task_sp
                0x0000000040000464       0x2c hal.o
                0x0000000040000464                _set_task_sp
 .text._get_task_sp
                0x0000000040000490       0x2c hal.o
                0x0000000040000490                _get_task_sp
 .text._set_task_tp
                0x00000000400004bc       0x2c hal.o
                0x00000000400004bc                _set_task_tp
 .text._read_us
                0x00000000400004e8       0x90 hal.o
                0x00000000400004e8                _read_us
 .text._timer_reset
                0x0000000040000578       0x3c hal.o
                0x0000000040000578                _timer_reset
 .text._panic   0x00000000400005b4       0x10 hal.o
                0x00000000400005b4                _panic
 .text.irq0_handler
                0x00000000400005c4      0x24c interrupt.o
                0x00000000400005c4                irq0_handler
 .text.dummy_handler
                0x0000000040000810        0xc interrupt.o
                0x0000000040000810                timer0a_handler
                0x0000000040000810                irq4_handler
                0x0000000040000810                spi0_handler
                0x0000000040000810                uart7tx_handler
                0x0000000040000810                uart6tx_handler
                0x0000000040000810                irq2_handler
                0x0000000040000810                adc2_handler
                0x0000000040000810                timer4ocr_handler
                0x0000000040000810                irq7_handler
                0x0000000040000810                timer3ocr_handler
                0x0000000040000810                timer7ctc_handler
                0x0000000040000810                uart7rx_handler
                0x0000000040000810                uart4tx_handler
                0x0000000040000810                uart2rx_handler
                0x0000000040000810                porta_handler
                0x0000000040000810                uart3rx_handler
                0x0000000040000810                portd_handler
                0x0000000040000810                uart2tx_handler
                0x0000000040000810                uart3tx_handler
                0x0000000040000810                portc_handler
                0x0000000040000810                uart0rx_handler
                0x0000000040000810                dummy_handler
                0x0000000040000810                irq3_handler
                0x0000000040000810                adc3_handler
                0x0000000040000810                timer6ctc_handler
                0x0000000040000810                irq1_handler
                0x0000000040000810                adc1_handler
                0x0000000040000810                i2c1_handler
                0x0000000040000810                spi2_handler
                0x0000000040000810                irq6_handler
                0x0000000040000810                timer4ctc_handler
                0x0000000040000810                dac2_handler
                0x0000000040000810                timer5ctc_handler
                0x0000000040000810                uart0tx_handler
                0x0000000040000810                portb_handler
                0x0000000040000810                dac0_handler
                0x0000000040000810                uart5tx_handler
                0x0000000040000810                spi1_handler
                0x0000000040000810                uart1tx_handler
                0x0000000040000810                i2c0_handler
                0x0000000040000810                spi3_handler
                0x0000000040000810                dac1_handler
                0x0000000040000810                uart1rx_handler
                0x0000000040000810                timer6ocr_handler
                0x0000000040000810                uart6rx_handler
                0x0000000040000810                uart5rx_handler
                0x0000000040000810                timer2ocr_handler
                0x0000000040000810                timer2ctc_handler
                0x0000000040000810                timer7ocr_handler
                0x0000000040000810                timer5ocr_handler
                0x0000000040000810                adc0_handler
                0x0000000040000810                timer3ctc_handler
                0x0000000040000810                i2c2_handler
                0x0000000040000810                dac3_handler
                0x0000000040000810                i2c3_handler
                0x0000000040000810                timer1ocr_handler
                0x0000000040000810                uart4rx_handler
                0x0000000040000810                irq5_handler
 .text._irq_handler
                0x000000004000081c       0x84 interrupt.o
                0x000000004000081c                _irq_handler
 .text.kitoa.part.0
                0x00000000400008a0      0x194 kprintf.o
 .text.kprintf  0x0000000040000a34      0x1f4 kprintf.o
                0x0000000040000a34                kprintf
 .text.dprintf  0x0000000040000c28      0x20c kprintf.o
                0x0000000040000c28                dprintf
 .text.printchar
                0x0000000040000e34       0x38 libc.o
 .text.vsprintf
                0x0000000040000e6c      0x310 libc.o
 .text.strncpy  0x000000004000117c       0x78 libc.o
                0x000000004000117c                strncpy
 .text.memset   0x00000000400011f4       0x28 libc.o
                0x00000000400011f4                memset
 .text.printf   0x000000004000121c       0x3c libc.o
                0x000000004000121c                printf
 .text.__udivmodsi4
                0x0000000040001258       0x88 libc.o
                0x0000000040001258                __udivmodsi4
 .text.__divsi3
                0x00000000400012e0       0x54 libc.o
                0x00000000400012e0                __divsi3
 .text.__modsi3
                0x0000000040001334       0x50 libc.o
                0x0000000040001334                __modsi3
 .text.__udivsi3
                0x0000000040001384        0x8 libc.o
                0x0000000040001384                __udivsi3
 .text.__umodsi3
                0x000000004000138c        0x8 libc.o
                0x000000004000138c                __umodsi3
 .text.__udivmoddi4
                0x0000000040001394       0xfc libc.o
                0x0000000040001394                __udivmoddi4
 .text.__udivdi3
                0x0000000040001490       0x1c libc.o
                0x0000000040001490                __udivdi3
 .text.startup.main
                0x00000000400014ac      0x2dc main.o
                0x00000000400014ac                main
 .text.hf_free  0x0000000040001788       0x6c malloc.o
                0x0000000040001788                hf_free
 .text.hf_malloc
                0x00000000400017f4      0x12c malloc.o
                0x00000000400017f4                hf_malloc
 .text.heapinit
                0x0000000040001920       0x54 malloc.o
                0x0000000040001920                heapinit
 .text.hf_mtxinit
                0x0000000040001974        0xc mutex.o
                0x0000000040001974                hf_mtxinit
 .text.hf_mtxlock
                0x0000000040001980       0x58 mutex.o
                0x0000000040001980                hf_mtxlock
 .text.hf_mtxunlock
                0x00000000400019d8        0xc mutex.o
                0x00000000400019d8                hf_mtxunlock
 .text.panic    0x00000000400019e4      0x24c panic.o
                0x00000000400019e4                panic
 .text.hf_schedlock
                0x0000000040001c30       0x40 processor.o
                0x0000000040001c30                hf_schedlock
 .text.hf_queue_create
                0x0000000040001c70       0x70 queue.o
                0x0000000040001c70                hf_queue_create
 .text.hf_queue_count
                0x0000000040001ce0        0x8 queue.o
                0x0000000040001ce0                hf_queue_count
 .text.hf_queue_addtail
                0x0000000040001ce8       0x88 queue.o
                0x0000000040001ce8                hf_queue_addtail
 .text.hf_queue_remhead
                0x0000000040001d70       0x6c queue.o
                0x0000000040001d70                hf_queue_remhead
 .text.hf_queue_get
                0x0000000040001ddc       0x64 queue.o
                0x0000000040001ddc                hf_queue_get
 .text.hf_queue_swap
                0x0000000040001e40       0xbc queue.o
                0x0000000040001e40                hf_queue_swap
 .text.task     0x0000000040001efc       0x84 sched_test2.o
                0x0000000040001efc                task
 .text.app_main
                0x0000000040001f80       0x98 sched_test2.o
                0x0000000040001f80                app_main
 .text.run_queue_next
                0x0000000040002018       0x70 scheduler.o
 .text.dispatch_isr
                0x0000000040002088      0x2a8 scheduler.o
                0x0000000040002088                dispatch_isr
 .text.sched_priorityrr
                0x0000000040002330      0x16c scheduler.o
                0x0000000040002330                sched_priorityrr
 .text.sched_rma
                0x000000004000249c      0x248 scheduler.o
                0x000000004000249c                sched_rma
 .text.sched_polling
                0x00000000400026e4      0x10c scheduler.o
                0x00000000400026e4                sched_polling
 .text.hf_selfid
                0x00000000400027f0       0x38 task.o
                0x00000000400027f0                hf_selfid
 .text.hf_selfname
                0x0000000040002828       0x38 task.o
                0x0000000040002828                hf_selfname
 .text.hf_jobs  0x0000000040002860       0x8c task.o
                0x0000000040002860                hf_jobs
 .text.hf_dlm   0x00000000400028ec       0x70 task.o
                0x00000000400028ec                hf_dlm
 .text.hf_spawn
                0x000000004000295c      0x37c task.o
                0x000000004000295c                hf_spawn
 .text.hf_yield
                0x0000000040002cd8      0x1c0 task.o
                0x0000000040002cd8                hf_yield
 .text.hf_kill  0x0000000040002e98      0x428 task.o
                0x0000000040002e98                hf_kill
                0x00000000400032c0                _etext = .

.rodata         0x00000000400032c0      0x980
                0x00000000400032c0                _rodata = .
 *(.rodata)
 *(.rodata.*)
 .rodata.str1.4
                0x00000000400032c0       0xb7 hal.o
                                         0xc4 (size before relaxing)
 *fill*         0x0000000040003377        0x1 
 .rodata.str1.4
                0x0000000040003378       0x3a interrupt.o
                                         0x3c (size before relaxing)
 *fill*         0x00000000400033b2        0x2 
 .rodata.irq0_handler
                0x00000000400033b4       0x84 interrupt.o
 .rodata.str1.4
                0x0000000040003438       0x1f kprintf.o
                                         0x20 (size before relaxing)
 *fill*         0x0000000040003457        0x1 
 .rodata.str1.4
                0x0000000040003458       0x63 libc.o
                                         0x78 (size before relaxing)
 *fill*         0x00000000400034bb        0x1 
 .rodata.vsprintf
                0x00000000400034bc       0x84 libc.o
 .rodata.str1.4
                0x0000000040003540      0x184 main.o
 .rodata.str1.4
                0x00000000400036c4      0x1fc panic.o
 .rodata.str1.4
                0x00000000400038c0       0x62 processor.o
                                         0x64 (size before relaxing)
 *fill*         0x0000000040003922        0x2 
 .rodata.str1.4
                0x0000000040003924       0x2b sched_test2.o
                                         0x2c (size before relaxing)
 *fill*         0x000000004000394f        0x1 
 .rodata.str1.4
                0x0000000040003950       0x21 scheduler.o
                                         0x24 (size before relaxing)
 *fill*         0x0000000040003971        0x3 
 .rodata.str1.4
                0x0000000040003974      0x2cc task.o
                                        0x2e0 (size before relaxing)
                0x0000000040003c40                _erodata = .

.rel.dyn        0x0000000040003c40      0x1d0
 .rel.dyn       0x0000000040003c40      0x1d0 interrupt.o

.data           0x0000000040003e10       0x80
                0x0000000040003e10                _data = .
 *(.data)
 *(.data.*)
 .data.timer_vector
                0x0000000040003e10       0x40 interrupt.o
                0x0000000040003e10                timer_vector
 .data.gpio_vector
                0x0000000040003e50       0x10 interrupt.o
                0x0000000040003e50                gpio_vector
 .data.irq_vector
                0x0000000040003e60       0x20 interrupt.o
                0x0000000040003e60                irq_vector
 .data.oops.1151
                0x0000000040003e80        0x4 main.o
                0x000000004000be74                _gp = (. + 0x7ff0)
 *(.sdata)
 *(.sdata.*)
                0x0000000040003e90                . = ALIGN (0x10)
 *fill*         0x0000000040003e84        0xc 
                0x0000000040003e90                _edata = .

.bss            0x0000000040003e90    0x7b3c0
                0x0000000040003e90                _bss_start = .
 *(.sbss)
 *(.sbss.*)
 *(.bss)
 *(.bss.*)
 .bss.timecount.1365
                0x0000000040003e90        0x4 hal.o
 .bss.lastcount.1366
                0x0000000040003e94        0x4 hal.o
 .bss.tref.1375
                0x0000000040003e98        0x4 hal.o
 .bss.tval2.1374
                0x0000000040003e9c        0x4 hal.o
 .bss.timeref.1373
                0x0000000040003ea0        0x8 hal.o
 .bss.buf.981   0x0000000040003ea8       0x20 kprintf.o
 .bss.krnl_malloc
                0x0000000040003ec8        0x4 malloc.o
                0x0000000040003ecc                . = ALIGN (0x4)
                0x0000000040003ecc                _bss_end = .
 COMMON         0x0000000040003ecc    0x7b384 condvar.o
                0x0000000040003ecc                krnl_tcb
                0x0000000040005114                krnl_heap
                0x000000004007f234                krnl_pcb
                0x000000004007f250                _end = .
LOAD condvar.o
LOAD crc.o
LOAD crt0.o
LOAD eth_enc28j60.o
LOAD hal.o
LOAD interrupt.o
LOAD kprintf.o
LOAD libc.o
LOAD list.o
LOAD main.o
LOAD malloc.o
LOAD math.o
LOAD mutex.o
LOAD panic.o
LOAD processor.o
LOAD queue.o
LOAD sched_test2.o
LOAD scheduler.o
LOAD semaphore.o
LOAD task.o
OUTPUT(image.elf elf32-bigmips)

.scommon        0x000000004007f250       0x30
 .scommon       0x000000004007f250       0x28 condvar.o
                0x000000004007f250                krnl_current_task
                0x000000004007f254                krnl_task
                0x000000004007f258                krnl_event_queue
                0x000000004007f25c                krnl_tasks
                0x000000004007f260                queue_aperiodic
                0x000000004007f264                krnl_free
                0x000000004007f268                krnl_run_queue
                0x000000004007f26c                krnl_rt_queue
                0x000000004007f270                krnl_schedule
                0x000000004007f274                krnl_delay_queue
 .scommon       0x000000004007f278        0x8 eth_enc28j60.o
                0x000000004007f278                last_free
                0x000000004007f27c                first_free

.reginfo        0x0000000000000000       0x18
 .reginfo       0x0000000000000000       0x18 condvar.o

.mdebug.abi32   0x0000000000000000        0x0
 .mdebug.abi32  0x0000000000000000        0x0 condvar.o
 .mdebug.abi32  0x0000000000000000        0x0 eth_enc28j60.o
 .mdebug.abi32  0x0000000000000000        0x0 hal.o
 .mdebug.abi32  0x0000000000000000        0x0 interrupt.o
 .mdebug.abi32  0x0000000000000000        0x0 kprintf.o
 .mdebug.abi32  0x0000000000000000        0x0 libc.o
 .mdebug.abi32  0x0000000000000000        0x0 main.o
 .mdebug.abi32  0x0000000000000000        0x0 malloc.o
 .mdebug.abi32  0x0000000000000000        0x0 mutex.o
 .mdebug.abi32  0x0000000000000000        0x0 panic.o
 .mdebug.abi32  0x0000000000000000        0x0 processor.o
 .mdebug.abi32  0x0000000000000000        0x0 queue.o
 .mdebug.abi32  0x0000000000000000        0x0 sched_test2.o
 .mdebug.abi32  0x0000000000000000        0x0 scheduler.o
 .mdebug.abi32  0x0000000000000000        0x0 task.o

.comment        0x0000000000000000       0x11
 .comment       0x0000000000000000       0x11 condvar.o
                                         0x12 (size before relaxing)
 .comment       0x0000000000000000       0x12 eth_enc28j60.o
 .comment       0x0000000000000000       0x12 hal.o
 .comment       0x0000000000000000       0x12 interrupt.o
 .comment       0x0000000000000000       0x12 kprintf.o
 .comment       0x0000000000000000       0x12 libc.o
 .comment       0x0000000000000000       0x12 main.o
 .comment       0x0000000000000000       0x12 malloc.o
 .comment       0x0000000000000000       0x12 mutex.o
 .comment       0x0000000000000000       0x12 panic.o
 .comment       0x0000000000000000       0x12 processor.o
 .comment       0x0000000000000000       0x12 queue.o
 .comment       0x0000000000000000       0x12 sched_test2.o
 .comment       0x0000000000000000       0x12 scheduler.o
 .comment       0x0000000000000000       0x12 task.o

.gnu.attributes
                0x0000000000000000       0x10
 .gnu.attributes
                0x0000000000000000       0x10 condvar.o
 .gnu.attributes
                0x0000000000000010       0x10 eth_enc28j60.o
 .gnu.attributes
                0x0000000000000020       0x10 hal.o
 .gnu.attributes
                0x0000000000000030       0x10 interrupt.o
 .gnu.attributes
                0x0000000000000040       0x10 kprintf.o
 .gnu.attributes
                0x0000000000000050       0x10 libc.o
 .gnu.attributes
                0x0000000000000060       0x10 main.o
 .gnu.attributes
                0x0000000000000070       0x10 malloc.o
 .gnu.attributes
                0x0000000000000080       0x10 mutex.o
 .gnu.attributes
                0x0000000000000090       0x10 panic.o
 .gnu.attributes
                0x00000000000000a0       0x10 processor.o
 .gnu.attributes
                0x00000000000000b0       0x10 queue.o
 .gnu.attributes
                0x00000000000000c0       0x10 sched_test2.o
 .gnu.attributes
                0x00000000000000d0       0x10 scheduler.o
 .gnu.attributes
                0x00000000000000e0       0x10 task.o

.pdr            0x0000000000000000        0x0
 .pdr           0x0000000000000000        0x0 eth_enc28j60.o

.scommon        0x0000000000000000        0x0
 .scommon       0x0000000000000000        0x0 hal.o
 .scommon       0x0000000000000000        0x0 interrupt.o
 .scommon       0x0000000000000000        0x0 libc.o
 .scommon       0x0000000000000000        0x0 main.o
 .scommon       0x0000000000000000        0x0 malloc.o
 .scommon       0x0000000000000000        0x0 panic.o
 .scommon       0x0000000000000000        0x0 processor.o
 .scommon       0x0000000000000000        0x0 queue.o
 .scommon       0x0000000000000000        0x0 sched_test2.o
 .scommon       0x0000000000000000        0x0 scheduler.o
 .scommon       0x0000000000000000        0x0 task.o
